2026-04-02 21:16:33,758 - __main__ - INFO - Mock mode enabled, fetching news for keywords: ['券商', '证券'], date: 2026-04-01
2026-04-02 21:16:33,758 - __main__ - INFO - Using mock news mode for date 2026-04-01
2026-04-02 21:16:33,759 - __main__ - INFO - Mock news returned 2 articles
2026-04-02 21:35:31,048 - __main__ - INFO - Fetching news for keywords: ['券商', '证券'], date: 2026-04-02
2026-04-02 21:35:31,048 - __main__ - INFO - Fetching from 东方财富...
2026-04-02 21:35:32,217 - __main__ - WARNING - Eastmoney returned status 404
2026-04-02 21:35:32,219 - __main__ - INFO - Fetching from 新浪财经...
2026-04-02 21:35:33,419 - __main__ - WARNING - Sina returned status 404
2026-04-02 21:35:33,421 - __main__ - INFO - Fetching from 财联社...
2026-04-02 21:35:34,496 - __main__ - ERROR - Failed to fetch from CLS: HTTPSConnectionPool(host='api.cls.cn', port=443): Max retries exceeded with url: /v2/node/roll/list?app=cifco&sv=8.7.6&os=android&cpu=arm64&date=20260402&page=1&limit=20 (Caused by NameResolutionError("HTTPSConnection(host='api.cls.cn', port=443): Failed to resolve 'api.cls.cn' ([Errno -2] Name or service not known)"))
2026-04-02 21:35:34,496 - __main__ - INFO - Trying fallback page parsing...
2026-04-02 21:35:37,360 - __main__ - WARNING - No news fetched from any source
2026-04-02 21:35:37,360 - __main__ - INFO - Fetching news for keywords: ['券商', '证券'], date: 2026-04-01
2026-04-02 21:35:37,360 - __main__ - INFO - Fetching from 东方财富...
2026-04-02 21:35:38,508 - __main__ - WARNING - Eastmoney returned status 404
2026-04-02 21:35:38,510 - __main__ - INFO - Fetching from 新浪财经...
2026-04-02 21:35:39,730 - __main__ - WARNING - Sina returned status 404
2026-04-02 21:35:39,732 - __main__ - INFO - Fetching from 财联社...
2026-04-02 21:35:40,809 - __main__ - ERROR - Failed to fetch from CLS: HTTPSConnectionPool(host='api.cls.cn', port=443): Max retries exceeded with url: /v2/node/roll/list?app=cifco&sv=8.7.6&os=android&cpu=arm64&date=20260401&page=1&limit=20 (Caused by NameResolutionError("HTTPSConnection(host='api.cls.cn', port=443): Failed to resolve 'api.cls.cn' ([Errno -2] Name or service not known)"))
2026-04-02 21:35:40,809 - __main__ - INFO - Trying fallback page parsing...
2026-04-02 21:35:43,225 - __main__ - WARNING - No news fetched from any source
2026-04-02 21:37:21,151 - __main__ - INFO - Fetching news for keywords: ['券商', '证券'], date: 2026-04-02
2026-04-02 21:37:21,151 - __main__ - INFO - Fetching from 东方财富...
2026-04-02 21:37:22,319 - __main__ - WARNING - Eastmoney returned status 404
2026-04-02 21:37:22,321 - __main__ - INFO - Fetching from 新浪财经...
2026-04-02 21:37:23,840 - __main__ - WARNING - Sina returned status 404
2026-04-02 21:37:23,842 - __main__ - INFO - Fetching from 财联社...
2026-04-02 21:37:24,916 - __main__ - ERROR - Failed to fetch from CLS: HTTPSConnectionPool(host='api.cls.cn', port=443): Max retries exceeded with url: /v2/node/roll/list?app=cifco&sv=8.7.6&os=android&cpu=arm64&date=20260402&page=1&limit=20 (Caused by NameResolutionError("HTTPSConnection(host='api.cls.cn', port=443): Failed to resolve 'api.cls.cn' ([Errno -2] Name or service not known)"))
2026-04-02 21:37:24,916 - __main__ - INFO - Trying fallback page parsing...
2026-04-02 21:37:27,570 - __main__ - WARNING - No news fetched from any source, using sample data
2026-04-02 21:37:27,571 - __main__ - INFO - Generating sample news for 2026-04-02
